// Jest Snapshot v1, https://goo.gl/fbAQLP

exports[`EditorComponent should compile 1`] = `
<app-editor
  article$={[Function Store]}
  dialog={[Function MockDialogService]}
  errors$={[Function Store]}
  isSubmitting$={[Function Store]}
  store={[Function Store]}
  translateService={[Function Object]}
  wasChanged="false"
>
  <div
    class="editor-page page"
  >
    <div
      class="container "
    >
      <div
        class="row"
      >
        <div
          class="col-md-10 offset-md-1 col-xs-12"
        >
          <app-list-error
            ng-reflect-errors="[object Object]"
          />
          <div
            class="mb-4"
          >
            <app-editor-form
              ng-reflect-is-submitting="false"
            >
              <div
                id="submit"
              />
              <div
                id="change"
              />
            </app-editor-form>
          </div>
        </div>
      </div>
    </div>
  </div>
</app-editor>
`;
